// Jest Snapshot v1, https://goo.gl/fbAQLP

exports[`HomePage component matches snapshot 1`] = `
<div
  className="flex1"
>
  <div
    className="main"
  >
    <div
      className="users-section"
    >
      <div
        className="user"
      >
        <a
          href="/profile"
          onClick={[Function]}
        >
          <div
            className="MuiAvatar-root MuiAvatar-circular Avatar css-124yhl1-MuiAvatar-root"
          >
            <img
              alt="me"
              className="MuiAvatar-img css-1pqm26d-MuiAvatar-img"
              src="https://cloudflare-ipfs.com/ipfs/Qmd3W5DuhgHirLHGVixi6V76LhCkZUz6pnFt5AJBiyvHye/avatar/1185.jpg"
            />
          </div>
        </a>
        <h3>
          Tatiana Dokidis
        </h3>
      </div>
      <div
        className="recommendations"
      >
        <div
          style={
            Object {
              "marginBottom": ".5em",
            }
          }
        >
          Recommended for you
        </div>
      </div>
    </div>
    <div
      className="right-section"
    >
      <div
        className="right-top"
      >
        <div
          className="searchbar"
        >
          <input
            name="search"
            placeholder="Tag, user, etc..."
            type="text"
          />
          <button
            type="submit"
          >
            <img
              alt="search"
              src={Object {}}
            />
             Search
             
          </button>
        </div>
        <div
          className="newpost"
        >
          <button
            className="MuiButtonBase-root MuiFab-root MuiFab-extended MuiFab-sizeLarge MuiFab-primary MuiFab-root MuiFab-extended MuiFab-sizeLarge MuiFab-primary css-1j8wu97-MuiButtonBase-root-MuiFab-root"
            disabled={false}
            onBlur={[Function]}
            onClick={[Function]}
            onContextMenu={[Function]}
            onDragLeave={[Function]}
            onFocus={[Function]}
            onKeyDown={[Function]}
            onKeyUp={[Function]}
            onMouseDown={[Function]}
            onMouseLeave={[Function]}
            onMouseUp={[Function]}
            onTouchEnd={[Function]}
            onTouchMove={[Function]}
            onTouchStart={[Function]}
            tabIndex={0}
            type="button"
          >
            <img
              alt="new"
              className="newPostSign"
              src={Object {}}
            />
            New Post
          </button>
        </div>
      </div>
      <div
        className="feed"
      >
        <div
          className="feedlist-main"
        />
      </div>
    </div>
  </div>
</div>
`;
